// Vitest Snapshot v1, https://vitest.dev/guide/snapshot.html

exports[`renderPhraseSigil > snapshot — locks the deterministic SVG byte output 1`] = `"<svg xmlns="http://www.w3.org/2000/svg" width="64" height="64" viewBox="0 0 100 100" role="img" aria-hidden="true"><defs><linearGradient id="psg-86bee1f0" x1="0" y1="0" x2="0" y2="1"><stop offset="0%" stop-color="hsl(344, 38%, 54%)"/><stop offset="100%" stop-color="hsl(344, 38%, 42%)"/></linearGradient></defs><rect x="3" y="3" width="94" height="94" rx="10" ry="10" fill="url(#psg-86bee1f0)" stroke="#a3201d" stroke-width="2"/><polygon points="50.00,16.00 75.98,31.00 75.98,61.00 50.00,76.00 24.02,61.00 24.02,31.00" fill="hsl(344, 38%, 64%)"/><text x="50" y="90" font-family="ui-monospace, monospace" font-size="12" font-weight="600" fill="hsl(344, 38%, 64%)" text-anchor="middle" letter-spacing="1">3742</text></svg>"`;
